// Jest Snapshot v1, https://goo.gl/fbAQLP

exports[`App Page to match snapshot 1`] = `
<DocumentFragment>
  <div
    class="App"
  >
    <header
      class="App-header"
    >
      <h1
        data-testid="app-header"
      >
         Get in touch to order a punk beer 
      </h1>
    </header>
    <a
      data-testid="orders-link"
    >
      GO to Orders
    </a>
    <div
      class="description-container"
    >
      <textarea
        cols="4"
        data-testid="description"
        label="description"
        rows="50"
      />
    </div>
  </div>
</DocumentFragment>
`;
